<Project Sdk="Microsoft.NET.Sdk">

  <PropertyGroup>
    <TargetFramework>net8.0</TargetFramework>
    <ImplicitUsings>enable</ImplicitUsings>
    <Nullable>enable</Nullable>
    <LangVersion>latest</LangVersion>
    <ManagePackageVersionsCentrally>false</ManagePackageVersionsCentrally>
  </PropertyGroup>

  <ItemGroup>
    <ProjectReference Include="..\AlphaSquad.Lmt.Application.Contracts\AlphaSquad.Lmt.Application.Contracts.csproj" />
    <ProjectReference Include="..\AlphaSquad.Lmt.Application.ApiClient\AlphaSquad.Lmt.Application.ApiClient.csproj" />
  </ItemGroup>

  <ItemGroup>
    <PackageReference Include="Microsoft.Kiota.Abstractions" Version="1.22.1" />
    <PackageReference Include="Microsoft.Kiota.Http.HttpClientLibrary" Version="1.22.1" />
    <PackageReference Include="Microsoft.Extensions.DependencyInjection.Abstractions" Version="10.0.6" />
    <PackageReference Include="Microsoft.Extensions.Http" Version="10.0.6" />
  </ItemGroup>

</Project>
